// Jest Snapshot v1, https://goo.gl/fbAQLP

exports[`Module Mitre Att&ck intelligence container should render a the component 1`] = `
<EuiFlexGroup
  style={
    Object {
      "margin": "0 8px",
    }
  }
>
  <EuiFlexItem>
    <PanelSplit
      content={
        <ModuleMitreAttackIntelligenceRightPanel
          didSearch={false}
          loading={false}
          resourceFilters={Array []}
          results={null}
          searchTerm={Array []}
          selectedResource={null}
        />
      }
      contentProps={
        Object {
          "style": Object {
            "maxHeight": "calc(100vh - 255px)",
            "overflowX": "hidden",
            "overflowY": "auto",
          },
        }
      }
      side={
        <ModuleMitreAttackIntelligenceLeftPanel
          onSearchTermAllResourcesChange={[Function]}
          onSearchTermAllResourcesSearch={[Function]}
          onSelectResource={[Function]}
          selectedResource={null}
        />
      }
      sideProps={
        Object {
          "style": Object {
            "minWidth": 145,
            "overflowX": "hidden",
            "width": "15%",
          },
        }
      }
    />
  </EuiFlexItem>
</EuiFlexGroup>
`;
